Истомин СА группа 3248
Урок 3. Права доступа и безопасность
1. Управление пользователями:
a) создать нового пользователя;
b) убедиться, что информация о нем появилась в соответствующих файлах в системе;
c) удалить созданного пользователя;

2. Управление группами:
a) создать группу;
b) попрактиковаться в смене групп у пользователей;
c) добавить пользователя в группу, не меняя основной;
d) удалить пользователя из группы.

3. Работа с группами.
a) Создать пользователя с правами суперпользователя. Проверить результат.

b) * Создать группу developer и нескольких пользователей, входящих в неё. 
Создать директорию для совместной работы. Сделать так, чтобы созданные одними пользователями 
файлы могли изменять другие пользователи этой группы.

c) * Создать в директории для совместной работы поддиректорию для обмена файлами, 
но чтобы удалять файлы могли только их создатели.
-------------------------------------------------------------------------------------
1 Управление пользователями
a) создать нового пользователя
serg@serg-VirtualBox:~$ sudo useradd testuser
[sudo] password for serg:

serg@serg-VirtualBox:~$ sudo passwd testuser
New password:
BAD PASSWORD: The password is shorter than 8 characters
Retype new password:
passwd: password updated successfully

b) убедиться, что информация о нем появилась в соответствующих файлах в системе;
serg@serg-VirtualBox:~$ sudo tail /etc/shadow
colord:*:19576:0:99999:7:::
geoclue:*:19576:0:99999:7:::
pulse:*:19576:0:99999:7:::
gnome-initial-setup:*:19576:0:99999:7:::
hplip:*:19576:0:99999:7:::
gdm:*:19576:0:99999:7:::
serg:$y$j9T$jEbrDVA5WQn6xz5/7hcxQ.$Otf2aSNQj3TfM68M6EQ1yDD9Nai0/I8ZrnTEsCuKeA0:19681:0:99999:7:::
vboxadd:!:19681::::::
sshd:*:19681:0:99999:7:::
testuser:$y$j9T$yYCNcNTWQHaJEbK88erpR/$tEaREGe1JrkdTRREzUo.fKGVWAXo6OX2wMzevTn4qy0:19687:0:99999:7:::

serg@serg-VirtualBox:~$ sudo tail /etc/group
geoclue:x:131:
pulse:x:132:
pulse-access:x:133:
gdm:x:134:
lxd:x:135:serg
serg:x:1000:
sambashare:x:136:serg
vboxsf:x:999:
vboxdrmipc:x:998:
testuser:x:1001:

serg@serg-VirtualBox:~$ sudo tail /etc/passwd
colord:x:123:130:colord colour management daemon,,,:/var/lib/colord:/usr/sbin/nologin
geoclue:x:124:131::/var/lib/geoclue:/usr/sbin/nologin
pulse:x:125:132:PulseAudio daemon,,,:/run/pulse:/usr/sbin/nologin
gnome-initial-setup:x:126:65534::/run/gnome-initial-setup/:/bin/false
hplip:x:127:7:HPLIP system user,,,:/run/hplip:/bin/false
gdm:x:128:134:Gnome Display Manager:/var/lib/gdm3:/bin/false
serg:x:1000:1000:serg,,,:/home/serg:/bin/bash
vboxadd:x:999:1::/var/run/vboxadd:/bin/false
sshd:x:129:65534::/run/sshd:/usr/sbin/nologin
testuser:x:1001:1001::/home/testuser:/bin/sh

c) удалить созданного пользователя;
serg@serg-VirtualBox:~$ sudo userdel -fr testuser
userdel: testuser mail spool (/var/mail/testuser) not found
userdel: testuser home directory (/home/testuser) not found
serg@serg-VirtualBox:~$ sudo tail /etc/passwd
saned:x:122:129::/var/lib/saned:/usr/sbin/nologin
colord:x:123:130:colord colour management daemon,,,:/var/lib/colord:/usr/sbin/nologin
geoclue:x:124:131::/var/lib/geoclue:/usr/sbin/nologin
pulse:x:125:132:PulseAudio daemon,,,:/run/pulse:/usr/sbin/nologin
gnome-initial-setup:x:126:65534::/run/gnome-initial-setup/:/bin/false
hplip:x:127:7:HPLIP system user,,,:/run/hplip:/bin/false
gdm:x:128:134:Gnome Display Manager:/var/lib/gdm3:/bin/false
serg:x:1000:1000:serg,,,:/home/serg:/bin/bash
vboxadd:x:999:1::/var/run/vboxadd:/bin/false
sshd:x:129:65534::/run/sshd:/usr/sbin/nologin


2 Управление группами
a) создать группу;
serg@serg-VirtualBox:~$ sudo groupadd test_group
проверяем
serg@serg-VirtualBox:~$ more /etc/group | grep test
testuser2:x:1001:
test_group:x:1002:

b) попрактиковаться в смене групп у пользователей;
serg@serg-VirtualBox:~$ sudo usermod -G test_group testuser2
serg@serg-VirtualBox:~$ sudo groups testuser2
testuser2 : testuser2 test_group
serg@serg-VirtualBox:~$ sudo usermod -g test_group testuser2
serg@serg-VirtualBox:~$ sudo groups testuser2
testuser2 : test_group
serg@serg-VirtualBox:~$ sudo usermod -g testuser2 testuser2
serg@serg-VirtualBox:~$ sudo groups testuser2
testuser2 : testuser2 test_group
serg@serg-VirtualBox:~$ sudo usermod -G test_group testuser2
serg@serg-VirtualBox:~$ sudo groups testuser2
testuser2 : testuser2 test_group

c) добавить пользователя в группу, не меняя основной;
serg@serg-VirtualBox:~$ sudo usermod -G test_group testuser2
проверяем
serg@serg-VirtualBox:~$ sudo groups testuser2
testuser2 : testuser2 test_group

d) удалить пользователя из группы.
serg@serg-VirtualBox:~$ sudo deluser testuser2 test_group
Removing user `testuser2' from group `test_group' ...
Done.
serg@serg-VirtualBox:~$ sudo groups testuser2
testuser2 : testuser2
serg@serg-VirtualBox:~$ more /etc/group | grep test
testuser2:x:1001:
test_group:x:1002:

3 Работа с группами.
a) Создать пользователя с правами суперпользователя. Проверить результат
serg@serg-VirtualBox:~$ sudo adduser superuser
Adding user `superuser' ...
Adding new group `superuser' (1003) ...
Adding new user `superuser' (1002) with group `superuser' ...
Creating home directory `/home/superuser' ...
Copying files from `/etc/skel' ...
New password:
BAD PASSWORD: The password is a palindrome
Retype new password:
passwd: password updated successfully
Changing the user information for superuser
Enter the new value, or press ENTER for the default
        Full Name []: SUPER
        Room Number []: 666
        Work Phone []: 111
        Home Phone []: 222
        Other []: 333
Is the information correct? [Y/n] y
superuser@serg-VirtualBox:/home/serg$ sudo usermod -aG sudo superuser
Проверить результат
superuser@serg-VirtualBox:/home/serg$ groups superuser
superuser : superuser sudo

b) * Создать группу developer и нескольких пользователей, входящих в неё. 
Создать директорию для совместной работы. Сделать так, чтобы созданные одними пользователями 
файлы могли изменять другие пользователи этой группы.
serg@serg-VirtualBox:~$ sudo groupadd devoloper
serg@serg-VirtualBox:~$ sudo usermod -G devoloper superuser
serg@serg-VirtualBox:~$ sudo usermod -G devoloper testuser2
serg@serg-VirtualBox:~$ mkdir dir_shar
serg@serg-VirtualBox:~$ sudo chmod 770 /dir_shar
serg@serg-VirtualBox:~$ sudo chmod g+s  /dir_shar
serg@serg-VirtualBox:~$ ll
total 128
drwxr-x--- 18 serg serg 4096 ноя 27 18:50 ./
drwxr-xr-x  4 root root 4096 ноя 26 13:43 ../
drwxrwxr-x  2 serg serg 4096 ноя 27 18:49 1/
-rw-------  1 serg serg 1858 ноя 26 14:00 .bash_history
-rw-r--r--  1 serg serg  220 ноя 20 20:34 .bash_logout
-rw-r--r--  1 serg serg 3771 ноя 20 20:34 .bashrc
drwx------ 10 serg serg 4096 ноя 20 21:40 .cache/
drwx------ 12 serg serg 4096 ноя 20 21:07 .config/
drwxr-xr-x  2 serg serg 4096 ноя 20 20:43 Desktop/
drwxrwxr-x  2 serg serg 4096 ноя 27 18:50 dir_shar/

c) * Создать в директории для совместной работы поддиректорию для обмена файлами, 
но чтобы удалять файлы могли только их создатели.
serg@serg-VirtualBox:~$ cd dir_shar
serg@serg-VirtualBox:~/dir_shar$ sudo mkdir sub_dir_shar
serg@serg-VirtualBox:~/dir_shar$ sudo chmod 700 sub_dir_shar/
serg@serg-VirtualBox:~/dir_shar$ ll
total 12
drwxrwxr-x  3 serg serg 4096 ноя 27 18:55 ./
drwxr-x--- 18 serg serg 4096 ноя 27 18:50 ../
drwx------  2 root root 4096 ноя 27 18:55 sub_dir_shar/



