1. Вывести на экран 3 раза имя пользователя, от которого запускается команда.
2. Вывести с помощью цикла while все четные числа от 0 до 100 включительно.
3.* Командой 'cut' вывести для текущей папки права доступа файлов (первая колонка вывода команды ‘ll’). 
Отсортировать этот вывод (команда ‘sort’). Удалить дубликаты (команда ‘uniq’). 
Использовать для решения конвейер обработки задач (pipeline - вертикальный слэш).
4.* Написать скрипт очистки директорий. На вход принимает путь к директории. 
Если директория существует, то удаляет в ней все файлы с расширениями .bak, .tmp, .backup. 
Если директории нет, то выводит ошибку.


1. Вывести на экран 3 раза имя пользователя, от которого запускается команда.
serg@serg-VirtualBox:~$ $ cat > user3.sh
#!/bin/bash
for char in {1..3}
 do
 echo $USER
 done
$ nano user3.sh
$ bash user3.sh
$: command not found

serg
serg
serg
$: command not found
$: command not found

2. Вывести с помощью цикла while все четные числа от 0 до 100 включительно.
serg@serg-VirtualBox:~$ $ cat > print100 
#! bin/bash/
x=0
while [ $x -lt 102 ]
do
 # echo $x # будет выводить каждое число в новой строке
 printf "${x} "
 let x+=2
 # x=$(( $x + 2 )) # то же присвоение, но в другом синтаксисе
done
echo "" # вывод пустой строки
$ bash user3.sh
$: command not found

0 2 4 6 8 10 12 14 16 18 20 22 24 26 28 30 32 34 36 38 40 42 44 46 48 50 52 54 56 58 60 62 64 66 68 70 72 74 76 78 80 82 84 86 88 90 92 94 96 98 100 
$: command not found


3.* Командой 'cut' вывести для текущей папки права доступа файлов (первая колонка вывода команды ‘ll’). 
Отсортировать этот вывод (команда ‘sort’). Удалить дубликаты (команда ‘uniq’). 
Использовать для решения конвейер обработки задач (pipeline - вертикальный слэш).
serg@serg-VirtualBox:~$ ll | cut -f 1 -d ' ' | sort | uniq | grep -v ^и
drwx------
drwxrwxr-x
drwxr-x---
drwxr-xr-x
-rw-------
-rw-r-----
-rw-r--r--
-rw-rw-r--
total

4.* Написать скрипт очистки директорий. На вход принимает путь к директории. 
Если директория существует, то удаляет в ней все файлы с расширениями .bak, .tmp, .backup. 
Если директории нет, то выводит ошибку.

Создаем и открываем файл
serg@serg-VirtualBox:~$ nano delfiletodir

Далее скрипт:

#!/bin/bash

read -p "Введите путь к дирректории: " DELDIR

if [ -e $DELDIR ]
    then
        echo 'Указанная дирректория найдена'
        cd $DELDIR
        echo 'Произвожу удаление'
        rm -v *.bak *.tmp *.backup
        echo 'Удаление завершено успешно'
    else
        echo 'Указанная дирректория не найдена! Выполнение остановлено'
        exit 2
fi

Сохраняем и запускаем в Bash:
serg@serg-VirtualBox:~$ bash delfiletodir
